
> modular-exam-app@1.0.0 build
> vite build

[36mvite v5.4.21 [32mbuilding for production...[36m[39m
transforming...
[32mÔ£ô[39m 17 modules transformed.
x Build failed in 207ms
error during build:
src/main.js (9:25): "handleCheckAnswer" is not exported by "src/features/test/test-ui.js", imported by "src/main.js".
file: C:/Users/Student/Downloads/Exam-App/modular-exam-app/src/main.js:9:25

 7: import { renderSourcesList } from './features/sources/sources-ui.js';
 8: import { prepareTest, finishTest, prepareRetake } from './features/test/test-engine.js';
 9: import { renderQuestion, handleCheckAnswer, updateIndicators, handleTranslation, handleDifficultyRating, renderTestRe...
                             ^
10: import { renderStatsList, updateHomeStats, setupStatsEventListeners } from './features/stats/stats-module.js';
11: import { initTimer, stopTimer } from './features/test/timer-module.js';

    at getRollupError (file:///C:/Users/Student/Downloads/Exam-App/modular-exam-app/node_modules/rollup/dist/es/shared/parseAst.js:402:41)
    at error (file:///C:/Users/Student/Downloads/Exam-App/modular-exam-app/node_modules/rollup/dist/es/shared/parseAst.js:398:42)
    at Module.error (file:///C:/Users/Student/Downloads/Exam-App/modular-exam-app/node_modules/rollup/dist/es/shared/node-entry.js:17040:16)
    at Module.traceVariable (file:///C:/Users/Student/Downloads/Exam-App/modular-exam-app/node_modules/rollup/dist/es/shared/node-entry.js:17452:29)
    at ModuleScope.findVariable (file:///C:/Users/Student/Downloads/Exam-App/modular-exam-app/node_modules/rollup/dist/es/shared/node-entry.js:15070:39)
    at FunctionScope.findVariable (file:///C:/Users/Student/Downloads/Exam-App/modular-exam-app/node_modules/rollup/dist/es/shared/node-entry.js:5673:38)
    at FunctionBodyScope.findVariable (file:///C:/Users/Student/Downloads/Exam-App/modular-exam-app/node_modules/rollup/dist/es/shared/node-entry.js:5673:38)
    at Identifier.bind (file:///C:/Users/Student/Downloads/Exam-App/modular-exam-app/node_modules/rollup/dist/es/shared/node-entry.js:5447:40)
    at AssignmentExpression.bind (file:///C:/Users/Student/Downloads/Exam-App/modular-exam-app/node_modules/rollup/dist/es/shared/node-entry.js:2829:23)
    at ExpressionStatement.bind (file:///C:/Users/Student/Downloads/Exam-App/modular-exam-app/node_modules/rollup/dist/es/shared/node-entry.js:2829:23)
